[4. 1. 3. -1.]
[2.59259259259 1.14814814815 -2.55555555556 3.85185185185]
[-0.722921914358 -1.0201511335 2.01259445844 2.12594458438]
[-0.361918965946 0.91610738255 0.21488938603 0.113099676858]

[4 1 3 -1]
[70/27 31/27 -23/9 104/27]
[-287/397 -405/397 799/397 844/397]
[-1456/4023 273/298 1729/8046 455/4023]